// Jest Snapshot v1, https://goo.gl/fbAQLP

exports[`ApplicationLoadingOverlay should redisplay loading overlay with new message 1`] = `
<ApplicationLoadingOverlay
  isOpen={true}
  message="Test message"
/>
`;

exports[`ApplicationLoadingOverlay should render loading overlay as closed 1`] = `<ApplicationLoadingOverlay />`;

exports[`ApplicationLoadingOverlay should render loading overlay as open 1`] = `
<ApplicationLoadingOverlay
  isOpen={true}
  message="Test message"
/>
`;

exports[`ApplicationLoadingOverlay should transition from open to closed 1`] = `
<ApplicationLoadingOverlay
  isOpen={true}
  message="Test message"
/>
`;
